// Jest Snapshot v1, https://jestjs.io/docs/snapshot-testing

exports[`GrandTotal Snapshot Tests matches desktop snapshot: desktop-layout 1`] = `
<table>
  <tbody
    class="grand-totals"
  >
    <tr>
      <td
        class="border-t border-blue-200"
        colspan="14"
      />
    </tr>
    <tr
      class="holding-footer text-sm bg-blue-50 text-blue-600 border-b border-blue-100"
    >
      <td
        class="px-0.5 py-1.5 sm:px-1 md:px-2 xl:px-3 text-sm font-semibold text-left text-blue-900 bg-blue-100/80"
      >
        <div>
          Value in PORTFOLIO
        </div>
      </td>
      <td
        class="hidden sm:table-cell bg-blue-100/60"
        colspan="1"
      />
      <td
        class="px-0.5 py-1.5 sm:px-1 md:px-2 xl:px-3 bg-blue-100/60 text-xs md:text-sm font-medium text-right  text-emerald-600 "
        colspan="1"
      >
        <span
          class="sm:hidden"
        >
          <span>
            73
          </span>
        </span>
        <span
          class="hidden sm:inline"
        >
          <span>
            72.76
          </span>
        </span>
      </td>
      <td
        class="px-0.5 py-1.5 sm:px-1 md:px-2 xl:px-3 bg-blue-100/60 text-xs md:text-sm font-medium text-right hidden text-emerald-600 "
        colspan="1"
      >
        <span
          class="sm:hidden"
        >
          <span>
            73
          </span>
        </span>
        <span
          class="hidden sm:inline"
        >
          <span>
            72.76
          </span>
        </span>
      </td>
      <td
        class="px-0.5 py-1.5 sm:px-1 md:px-2 xl:px-3 bg-blue-100/60 text-xs md:text-sm font-medium text-right hidden sm:table-cell  "
        colspan="1"
      />
      <td
        class="px-0.5 py-1.5 sm:px-1 md:px-2 xl:px-3 bg-blue-100/60 text-xs md:text-sm font-medium text-right hidden sm:table-cell  tabular-nums"
        colspan="1"
      >
        <span
          class="sm:hidden"
        >
          <span>
            8,151
          </span>
        </span>
        <span
          class="hidden sm:inline"
        >
          <span>
            8,150.65
          </span>
        </span>
      </td>
      <td
        class="px-0.5 py-1.5 sm:px-1 md:px-2 xl:px-3 bg-blue-100/60 text-xs md:text-sm font-medium text-right   tabular-nums"
        colspan="1"
      >
        <span
          class="sm:hidden"
        >
          <span>
            12,644
          </span>
        </span>
        <span
          class="hidden sm:inline"
        >
          <span>
            12,643.74
          </span>
        </span>
      </td>
      <td
        class="px-0.5 py-1.5 sm:px-1 md:px-2 xl:px-3 bg-blue-100/60 text-xs md:text-sm font-medium text-right   "
        colspan="1"
      >
        <span
          class="group relative cursor-help text-blue-400"
        >
          -
          <span
            class="invisible group-hover:visible absolute right-0 bottom-full mb-1 z-10 w-48 p-2 bg-slate-800 text-white text-xs rounded shadow-lg"
          >
            irr.subtotal.hidden
          </span>
        </span>
      </td>
      <td
        class="px-0.5 py-1.5 sm:px-1 md:px-2 xl:px-3 bg-blue-100/60 text-xs md:text-sm font-medium text-right hidden sm:table-cell  tabular-nums"
        colspan="1"
      >
        <span
          class="sm:hidden"
        >
          <span>
            299
          </span>
        </span>
        <span
          class="hidden sm:inline"
        >
          <span>
            299.02
          </span>
        </span>
      </td>
      <td
        class="px-0.5 py-1.5 sm:px-1 md:px-2 xl:px-3 bg-blue-100/60 text-xs md:text-sm font-medium text-right hidden xl:table-cell  tabular-nums"
        colspan="1"
      >
        <span
          class="sm:hidden"
        >
          <span>
            3,504
          </span>
        </span>
        <span
          class="hidden sm:inline"
        >
          <span>
            3,503.85
          </span>
        </span>
      </td>
      <td
        class="px-0.5 py-1.5 sm:px-1 md:px-2 xl:px-3 bg-blue-100/60 text-xs md:text-sm font-medium text-right hidden xl:table-cell  tabular-nums"
        colspan="1"
      >
        <span
          class="sm:hidden"
        >
          <span>
            481
          </span>
        </span>
        <span
          class="hidden sm:inline"
        >
          <span>
            481.44
          </span>
        </span>
      </td>
      <td
        class="px-0.5 py-1.5 sm:px-1 md:px-2 xl:px-3 bg-blue-100/60 text-xs md:text-sm font-medium text-right  text-emerald-600 "
        colspan="1"
      >
        <span>
          100.00
        </span>
        %
      </td>
      <td
        class="px-0.5 py-1.5 sm:px-1 md:px-2 xl:px-3 bg-blue-100/60 text-xs md:text-sm font-medium text-center hidden xl:table-cell  "
        colspan="1"
      />
      <td
        class="px-0.5 py-1.5 sm:px-1 md:px-2 xl:px-3 bg-blue-100/60 text-xs md:text-sm font-medium text-right hidden sm:table-cell  tabular-nums"
        colspan="1"
      >
        <span
          class="sm:hidden"
        >
          <span>
            4,284
          </span>
        </span>
        <span
          class="hidden sm:inline"
        >
          <span>
            4,284.31
          </span>
        </span>
      </td>
    </tr>
  </tbody>
</table>
`;

exports[`GrandTotal Snapshot Tests matches mobile snapshot: mobile-layout 1`] = `
<table>
  <tbody
    class="grand-totals"
  >
    <tr>
      <td
        class="border-t border-blue-200"
        colspan="14"
      />
    </tr>
    <tr
      class="holding-footer text-sm bg-blue-50 text-blue-600 border-b border-blue-100"
    >
      <td
        class="px-0.5 py-1.5 sm:px-1 md:px-2 xl:px-3 text-sm font-semibold text-left text-blue-900 bg-blue-100/80"
      >
        <div>
          Value in PORTFOLIO
        </div>
      </td>
      <td
        class="hidden sm:table-cell bg-blue-100/60"
        colspan="1"
      />
      <td
        class="px-0.5 py-1.5 sm:px-1 md:px-2 xl:px-3 bg-blue-100/60 text-xs md:text-sm font-medium text-right  text-emerald-600 "
        colspan="1"
      >
        <span
          class="sm:hidden"
        >
          <span>
            73
          </span>
        </span>
        <span
          class="hidden sm:inline"
        >
          <span>
            72.76
          </span>
        </span>
      </td>
      <td
        class="px-0.5 py-1.5 sm:px-1 md:px-2 xl:px-3 bg-blue-100/60 text-xs md:text-sm font-medium text-right hidden text-emerald-600 "
        colspan="1"
      >
        <span
          class="sm:hidden"
        >
          <span>
            73
          </span>
        </span>
        <span
          class="hidden sm:inline"
        >
          <span>
            72.76
          </span>
        </span>
      </td>
      <td
        class="px-0.5 py-1.5 sm:px-1 md:px-2 xl:px-3 bg-blue-100/60 text-xs md:text-sm font-medium text-right hidden sm:table-cell  "
        colspan="1"
      />
      <td
        class="px-0.5 py-1.5 sm:px-1 md:px-2 xl:px-3 bg-blue-100/60 text-xs md:text-sm font-medium text-right hidden sm:table-cell  tabular-nums"
        colspan="1"
      >
        <span
          class="sm:hidden"
        >
          <span>
            8,151
          </span>
        </span>
        <span
          class="hidden sm:inline"
        >
          <span>
            8,150.65
          </span>
        </span>
      </td>
      <td
        class="px-0.5 py-1.5 sm:px-1 md:px-2 xl:px-3 bg-blue-100/60 text-xs md:text-sm font-medium text-right   tabular-nums"
        colspan="1"
      >
        <span
          class="sm:hidden"
        >
          <span>
            12,644
          </span>
        </span>
        <span
          class="hidden sm:inline"
        >
          <span>
            12,643.74
          </span>
        </span>
      </td>
      <td
        class="px-0.5 py-1.5 sm:px-1 md:px-2 xl:px-3 bg-blue-100/60 text-xs md:text-sm font-medium text-right   "
        colspan="1"
      >
        <span
          class="group relative cursor-help text-blue-400"
        >
          -
          <span
            class="invisible group-hover:visible absolute right-0 bottom-full mb-1 z-10 w-48 p-2 bg-slate-800 text-white text-xs rounded shadow-lg"
          >
            irr.subtotal.hidden
          </span>
        </span>
      </td>
      <td
        class="px-0.5 py-1.5 sm:px-1 md:px-2 xl:px-3 bg-blue-100/60 text-xs md:text-sm font-medium text-right hidden sm:table-cell  tabular-nums"
        colspan="1"
      >
        <span
          class="sm:hidden"
        >
          <span>
            299
          </span>
        </span>
        <span
          class="hidden sm:inline"
        >
          <span>
            299.02
          </span>
        </span>
      </td>
      <td
        class="px-0.5 py-1.5 sm:px-1 md:px-2 xl:px-3 bg-blue-100/60 text-xs md:text-sm font-medium text-right hidden xl:table-cell  tabular-nums"
        colspan="1"
      >
        <span
          class="sm:hidden"
        >
          <span>
            3,504
          </span>
        </span>
        <span
          class="hidden sm:inline"
        >
          <span>
            3,503.85
          </span>
        </span>
      </td>
      <td
        class="px-0.5 py-1.5 sm:px-1 md:px-2 xl:px-3 bg-blue-100/60 text-xs md:text-sm font-medium text-right hidden xl:table-cell  tabular-nums"
        colspan="1"
      >
        <span
          class="sm:hidden"
        >
          <span>
            481
          </span>
        </span>
        <span
          class="hidden sm:inline"
        >
          <span>
            481.44
          </span>
        </span>
      </td>
      <td
        class="px-0.5 py-1.5 sm:px-1 md:px-2 xl:px-3 bg-blue-100/60 text-xs md:text-sm font-medium text-right  text-emerald-600 "
        colspan="1"
      >
        <span>
          100.00
        </span>
        %
      </td>
      <td
        class="px-0.5 py-1.5 sm:px-1 md:px-2 xl:px-3 bg-blue-100/60 text-xs md:text-sm font-medium text-center hidden xl:table-cell  "
        colspan="1"
      />
      <td
        class="px-0.5 py-1.5 sm:px-1 md:px-2 xl:px-3 bg-blue-100/60 text-xs md:text-sm font-medium text-right hidden sm:table-cell  tabular-nums"
        colspan="1"
      >
        <span
          class="sm:hidden"
        >
          <span>
            4,284
          </span>
        </span>
        <span
          class="hidden sm:inline"
        >
          <span>
            4,284.31
          </span>
        </span>
      </td>
    </tr>
  </tbody>
</table>
`;

exports[`GrandTotal Snapshot Tests matches tablet snapshot: tablet-layout 1`] = `
<table>
  <tbody
    class="grand-totals"
  >
    <tr>
      <td
        class="border-t border-blue-200"
        colspan="14"
      />
    </tr>
    <tr
      class="holding-footer text-sm bg-blue-50 text-blue-600 border-b border-blue-100"
    >
      <td
        class="px-0.5 py-1.5 sm:px-1 md:px-2 xl:px-3 text-sm font-semibold text-left text-blue-900 bg-blue-100/80"
      >
        <div>
          Value in PORTFOLIO
        </div>
      </td>
      <td
        class="hidden sm:table-cell bg-blue-100/60"
        colspan="1"
      />
      <td
        class="px-0.5 py-1.5 sm:px-1 md:px-2 xl:px-3 bg-blue-100/60 text-xs md:text-sm font-medium text-right  text-emerald-600 "
        colspan="1"
      >
        <span
          class="sm:hidden"
        >
          <span>
            73
          </span>
        </span>
        <span
          class="hidden sm:inline"
        >
          <span>
            72.76
          </span>
        </span>
      </td>
      <td
        class="px-0.5 py-1.5 sm:px-1 md:px-2 xl:px-3 bg-blue-100/60 text-xs md:text-sm font-medium text-right hidden text-emerald-600 "
        colspan="1"
      >
        <span
          class="sm:hidden"
        >
          <span>
            73
          </span>
        </span>
        <span
          class="hidden sm:inline"
        >
          <span>
            72.76
          </span>
        </span>
      </td>
      <td
        class="px-0.5 py-1.5 sm:px-1 md:px-2 xl:px-3 bg-blue-100/60 text-xs md:text-sm font-medium text-right hidden sm:table-cell  "
        colspan="1"
      />
      <td
        class="px-0.5 py-1.5 sm:px-1 md:px-2 xl:px-3 bg-blue-100/60 text-xs md:text-sm font-medium text-right hidden sm:table-cell  tabular-nums"
        colspan="1"
      >
        <span
          class="sm:hidden"
        >
          <span>
            8,151
          </span>
        </span>
        <span
          class="hidden sm:inline"
        >
          <span>
            8,150.65
          </span>
        </span>
      </td>
      <td
        class="px-0.5 py-1.5 sm:px-1 md:px-2 xl:px-3 bg-blue-100/60 text-xs md:text-sm font-medium text-right   tabular-nums"
        colspan="1"
      >
        <span
          class="sm:hidden"
        >
          <span>
            12,644
          </span>
        </span>
        <span
          class="hidden sm:inline"
        >
          <span>
            12,643.74
          </span>
        </span>
      </td>
      <td
        class="px-0.5 py-1.5 sm:px-1 md:px-2 xl:px-3 bg-blue-100/60 text-xs md:text-sm font-medium text-right   "
        colspan="1"
      >
        <span
          class="group relative cursor-help text-blue-400"
        >
          -
          <span
            class="invisible group-hover:visible absolute right-0 bottom-full mb-1 z-10 w-48 p-2 bg-slate-800 text-white text-xs rounded shadow-lg"
          >
            irr.subtotal.hidden
          </span>
        </span>
      </td>
      <td
        class="px-0.5 py-1.5 sm:px-1 md:px-2 xl:px-3 bg-blue-100/60 text-xs md:text-sm font-medium text-right hidden sm:table-cell  tabular-nums"
        colspan="1"
      >
        <span
          class="sm:hidden"
        >
          <span>
            299
          </span>
        </span>
        <span
          class="hidden sm:inline"
        >
          <span>
            299.02
          </span>
        </span>
      </td>
      <td
        class="px-0.5 py-1.5 sm:px-1 md:px-2 xl:px-3 bg-blue-100/60 text-xs md:text-sm font-medium text-right hidden xl:table-cell  tabular-nums"
        colspan="1"
      >
        <span
          class="sm:hidden"
        >
          <span>
            3,504
          </span>
        </span>
        <span
          class="hidden sm:inline"
        >
          <span>
            3,503.85
          </span>
        </span>
      </td>
      <td
        class="px-0.5 py-1.5 sm:px-1 md:px-2 xl:px-3 bg-blue-100/60 text-xs md:text-sm font-medium text-right hidden xl:table-cell  tabular-nums"
        colspan="1"
      >
        <span
          class="sm:hidden"
        >
          <span>
            481
          </span>
        </span>
        <span
          class="hidden sm:inline"
        >
          <span>
            481.44
          </span>
        </span>
      </td>
      <td
        class="px-0.5 py-1.5 sm:px-1 md:px-2 xl:px-3 bg-blue-100/60 text-xs md:text-sm font-medium text-right  text-emerald-600 "
        colspan="1"
      >
        <span>
          100.00
        </span>
        %
      </td>
      <td
        class="px-0.5 py-1.5 sm:px-1 md:px-2 xl:px-3 bg-blue-100/60 text-xs md:text-sm font-medium text-center hidden xl:table-cell  "
        colspan="1"
      />
      <td
        class="px-0.5 py-1.5 sm:px-1 md:px-2 xl:px-3 bg-blue-100/60 text-xs md:text-sm font-medium text-right hidden sm:table-cell  tabular-nums"
        colspan="1"
      >
        <span
          class="sm:hidden"
        >
          <span>
            4,284
          </span>
        </span>
        <span
          class="hidden sm:inline"
        >
          <span>
            4,284.31
          </span>
        </span>
      </td>
    </tr>
  </tbody>
</table>
`;
