// Jest Snapshot v1, https://goo.gl/fbAQLP

exports[`<ViewHoldings /> Portfolio values match snapshot when transactions are returned 1`] = `
<div>
  <div
    class="page-box"
  >
    <div
      class="filter-columns"
    >
      <div
        class="filter-label"
      >
        Value In
      </div>
      <div
        class="filter-column"
      >
        <div
          class=" css-b62m3t-container"
        >
          <span
            class="css-1f43avz-a11yText-A11yText"
            id="react-select-2-live-region"
          />
          <span
            aria-atomic="false"
            aria-live="polite"
            aria-relevant="additions text"
            class="css-1f43avz-a11yText-A11yText"
          />
          <div
            class=" css-1s2u09g-control"
          >
            <div
              class=" css-319lph-ValueContainer"
            >
              <div
                class=" css-qc6sy-singleValue"
              >
                Portfolio
              </div>
              <input
                aria-autocomplete="list"
                aria-controls="react-select-2-listbox"
                aria-expanded="false"
                aria-haspopup="true"
                aria-owns="react-select-2-listbox"
                aria-readonly="true"
                class="css-mohuvp-dummyInput-DummyInput"
                id="react-select-2-input"
                inputmode="none"
                role="combobox"
                tabindex="0"
                value=""
              />
            </div>
            <div
              class=" css-1hb7zxy-IndicatorsContainer"
            >
              <span
                class=" css-1okebmr-indicatorSeparator"
              />
              <div
                aria-hidden="true"
                class=" css-tlfecz-indicatorContainer"
              >
                <svg
                  aria-hidden="true"
                  class="css-tj5bde-Svg"
                  focusable="false"
                  height="20"
                  viewBox="0 0 20 20"
                  width="20"
                >
                  <path
                    d="M4.516 7.548c0.436-0.446 1.043-0.481 1.576 0l3.908 3.747 3.908-3.747c0.533-0.481 1.141-0.446 1.574 0 0.436 0.445 0.408 1.197 0 1.615-0.406 0.418-4.695 4.502-4.695 4.502-0.217 0.223-0.502 0.335-0.787 0.335s-0.57-0.112-0.789-0.335c0 0-4.287-4.084-4.695-4.502s-0.436-1.17 0-1.615z"
                  />
                </svg>
              </div>
            </div>
          </div>
        </div>
      </div>
      <div
        class="filter-label"
      >
        Group By
      </div>
      <div
        class="filter-column"
      >
        <div
          class=" css-b62m3t-container"
        >
          <span
            class="css-1f43avz-a11yText-A11yText"
            id="react-select-3-live-region"
          />
          <span
            aria-atomic="false"
            aria-live="polite"
            aria-relevant="additions text"
            class="css-1f43avz-a11yText-A11yText"
          />
          <div
            class=" css-1s2u09g-control"
          >
            <div
              class=" css-319lph-ValueContainer"
            >
              <div
                class=" css-qc6sy-singleValue"
              />
              <input
                aria-autocomplete="list"
                aria-controls="react-select-3-listbox"
                aria-expanded="false"
                aria-haspopup="true"
                aria-owns="react-select-3-listbox"
                aria-readonly="true"
                class="css-mohuvp-dummyInput-DummyInput"
                id="react-select-3-input"
                inputmode="none"
                role="combobox"
                tabindex="0"
                value=""
              />
            </div>
            <div
              class=" css-1hb7zxy-IndicatorsContainer"
            >
              <span
                class=" css-1okebmr-indicatorSeparator"
              />
              <div
                aria-hidden="true"
                class=" css-tlfecz-indicatorContainer"
              >
                <svg
                  aria-hidden="true"
                  class="css-tj5bde-Svg"
                  focusable="false"
                  height="20"
                  viewBox="0 0 20 20"
                  width="20"
                >
                  <path
                    d="M4.516 7.548c0.436-0.446 1.043-0.481 1.576 0l3.908 3.747 3.908-3.747c0.533-0.481 1.141-0.446 1.574 0 0.436 0.445 0.408 1.197 0 1.615-0.406 0.418-4.695 4.502-4.695 4.502-0.217 0.223-0.502 0.335-0.787 0.335s-0.57-0.112-0.789-0.335c0 0-4.287-4.084-4.695-4.502s-0.436-1.17 0-1.615z"
                  />
                </svg>
              </div>
            </div>
          </div>
        </div>
      </div>
      <div
        class="filter-label"
      >
        Open Only
      </div>
      <div
        class="filter-column"
      >
        <div
          class="react-switch"
          style="position: relative; display: inline-block; text-align: left; opacity: 1; direction: ltr; border-radius: 14px; transition: opacity 0.25s; user-select: none;"
        >
          <div
            class="react-switch-bg"
            style="height: 28px; width: 56px; margin: 0px; position: relative; background: rgb(0, 0, 0); border-radius: 14px; cursor: pointer; transition: background 0.25s;"
          >
            <div
              style="height: 28px; width: 30px; position: relative; opacity: 1; pointer-events: none; transition: opacity 0.25s;"
            >
              <svg
                height="100%"
                style="position: absolute; top: 0px;"
                viewBox="-2 -5 17 21"
                width="100%"
              >
                <path
                  d="M11.264 0L5.26 6.004 2.103 2.847 0 4.95l5.26 5.26 8.108-8.107L11.264 0"
                  fill="#fff"
                  fill-rule="evenodd"
                />
              </svg>
            </div>
            <div
              style="height: 28px; width: 30px; position: absolute; opacity: 0; right: 0px; top: 0px; pointer-events: none; transition: opacity 0.25s;"
            >
              <svg
                height="100%"
                style="position: absolute; top: 0px;"
                viewBox="-2 -5 14 20"
                width="100%"
              >
                <path
                  d="M9.9 2.12L7.78 0 4.95 2.828 2.12 0 0 2.12l2.83 2.83L0 7.776 2.123 9.9 4.95 7.07 7.78 9.9 9.9 7.776 7.072 4.95 9.9 2.12"
                  fill="#fff"
                  fill-rule="evenodd"
                />
              </svg>
            </div>
          </div>
          <div
            class="react-switch-handle"
            style="height: 26px; width: 26px; background: rgb(255, 255, 255); display: inline-block; cursor: pointer; border-radius: 50%; position: absolute; transform: translateX(29px); top: 1px; outline: 0; border: 0px; transition: background-color 0.25s, transform 0.25s, box-shadow 0.15s;"
          />
          <input
            aria-checked="true"
            checked=""
            required=""
            role="switch"
            style="border: 0px; height: 1px; margin: -1px; overflow: hidden; padding: 0px; position: absolute; width: 1px;"
            type="checkbox"
          />
        </div>
      </div>
    </div>
    <div
      class="stats-container"
    >
      <table>
        <tbody>
          <tr
            class="stats-header"
          >
            <th
              align="left"
            >
              Summary
            </th>
            <th
              align="right"
            />
            <th
              align="right"
            />
            <th
              align="right"
            />
            <th
              align="right"
            />
            <th
              align="right"
            />
            <th
              align="right"
            />
          </tr>
        </tbody>
        <tbody>
          <tr
            class="stats-row"
          >
            <td>
              <div
                class="left-cell"
              >
                <a
                  href="/portfolios/test"
                >
                  <span
                    class="has-tooltip-right"
                    data-tooltip="Test Portfolio"
                  >
                    TEST
                     
                    : 
                  </span>
                </a>
                USD
              </div>
            </td>
            <td
              align="right"
            >
              <span>
                8,687.77
              </span>
            </td>
            <td
              align="right"
            >
              <span>
                6,546.90
              </span>
            </td>
            <td
              align="right"
            >
              <span>
                -
              </span>
            </td>
            <td
              align="right"
            >
              <span>
                1,812.53
              </span>
            </td>
            <td
              align="right"
            >
              <span>
                -
              </span>
            </td>
            <td
              align="right"
            >
              <span>
                328.34
              </span>
            </td>
          </tr>
        </tbody>
      </table>
    </div>
    <div
      class="all-getData"
    >
      <table
        class="table is-striped is-hoverable"
      >
        <tbody
          class="table-header"
        >
          <tr>
            <th>
              Cash
            </th>
            <th
              align="right"
            />
            <th
              align="right"
            />
            <th
              align="right"
            />
            <th
              align="right"
            />
            <th
              align="right"
            />
            <th
              align="right"
            />
            <th
              align="right"
            />
            <th
              align="right"
            />
            <th
              align="right"
            />
            <th
              align="right"
            />
            <th
              align="right"
            />
          </tr>
        </tbody>
        <tbody>
          <tr
            class="holding-row"
          >
            <td
              class="asset"
            >
              USD Balance
            </td>
            <td
              align="right"
              class="price"
            >
              <span
                data-tooltip="2021-12-02"
              >
                $
                <span>
                  1.00
                </span>
              </span>
            </td>
            <td
              align="right"
            >
               
            </td>
            <td
              align="right"
            >
              <span>
                1,812.530
              </span>
            </td>
            <td
              align="right"
            >
              <a
                href="/trns/test/asset/tAocoEIDTv6xOzFEjvRPBw/trades"
              >
                <span>
                  1,812.53
                </span>
              </a>
            </td>
            <td
              align="right"
            >
              <span>
                 
              </span>
            </td>
            <td
              align="right"
            >
              <span>
                20.86
              </span>
              %
            </td>
            <td
              align="right"
            >
              <span>
                1,812.53
              </span>
            </td>
            <td
              align="right"
            >
               
            </td>
            <td
              align="right"
            >
              <span
                data-tooltip="Last Event: null"
              >
                <a
                  href="/trns/test/asset/tAocoEIDTv6xOzFEjvRPBw/events"
                >
                  <span>
                     
                  </span>
                </a>
              </span>
            </td>
            <td
              align="right"
            >
              <span>
                 
              </span>
            </td>
            <td
              align="right"
            >
              <span>
                 
              </span>
            </td>
          </tr>
        </tbody>
        <tbody
          class="holding-totals-row"
        >
          <tr
            class="holding-footer"
          >
            <td
              align="right"
              colspan="4"
            >
              Sub-Total - 
              USD
            </td>
            <td
              align="right"
            >
              <span>
                1,812.53
              </span>
            </td>
            <td
              align="right"
            >
              <span>
                 
              </span>
            </td>
            <td />
            <td
              align="right"
            >
              <span>
                1,812.53
              </span>
            </td>
            <td />
            <td
              align="right"
            >
              <span>
                 
              </span>
            </td>
            <td
              align="right"
            >
              <span>
                 
              </span>
            </td>
            <td
              align="right"
            >
              <span>
                 
              </span>
            </td>
          </tr>
        </tbody>
        <tbody
          class="table-header"
        >
          <tr>
            <th>
              Exchange Traded Fund
            </th>
            <th
              align="right"
            />
            <th
              align="right"
            />
            <th
              align="right"
            />
            <th
              align="right"
            />
            <th
              align="right"
            />
            <th
              align="right"
            />
            <th
              align="right"
            />
            <th
              align="right"
            />
            <th
              align="right"
            />
            <th
              align="right"
            />
            <th
              align="right"
            />
          </tr>
        </tbody>
        <tbody>
          <tr
            class="holding-row"
          >
            <td
              class="asset"
            >
              QQQ: Invesco QQQ Trust Series 1
            </td>
            <td
              align="right"
              class="price"
            >
              <span
                data-tooltip="2021-12-01"
              >
                $
                <span>
                  387.12
                </span>
              </span>
            </td>
            <td
              align="right"
            >
              <span
                class="negative-gain"
                data-tooltip="Previous $ 393.82"
              >
                -1.70
                %
              </span>
            </td>
            <td
              align="right"
            >
              <span>
                8
              </span>
            </td>
            <td
              align="right"
            >
              <a
                href="/trns/test/asset/BdfztTW2RP6Z_aGdf7bgVA/trades"
              >
                <span>
                  3,096.96
                </span>
              </a>
            </td>
            <td
              align="right"
            >
              <span>
                121.20
              </span>
            </td>
            <td
              align="right"
            >
              <span>
                35.65
              </span>
              %
            </td>
            <td
              align="right"
            >
              <span>
                2,975.76
              </span>
            </td>
            <td
              align="right"
            >
              <span>
                371.97
              </span>
            </td>
            <td
              align="right"
            >
              <span
                data-tooltip="Last Event: null"
              >
                <a
                  href="/trns/test/asset/BdfztTW2RP6Z_aGdf7bgVA/events"
                >
                  <span>
                     
                  </span>
                </a>
              </span>
            </td>
            <td
              align="right"
            >
              <span>
                 
              </span>
            </td>
            <td
              align="right"
            >
              <span>
                121.20
              </span>
            </td>
          </tr>
          <tr
            class="holding-row"
          >
            <td
              class="asset"
            >
              SMH: VanEck Vectors Semiconductor ETF
            </td>
            <td
              align="right"
              class="price"
            >
              <span
                data-tooltip="2021-12-01"
              >
                $
                <span>
                  303.82
                </span>
              </span>
            </td>
            <td
              align="right"
            >
              <span
                class="negative-gain"
                data-tooltip="Previous $ 304.9"
              >
                -0.35
                %
              </span>
            </td>
            <td
              align="right"
            >
              <span>
                4
              </span>
            </td>
            <td
              align="right"
            >
              <a
                href="/trns/test/asset/iA5Cuge_ROWF42rpRqovFw/trades"
              >
                <span>
                  1,215.28
                </span>
              </a>
            </td>
            <td
              align="right"
            >
              <span>
                214.21
              </span>
            </td>
            <td
              align="right"
            >
              <span>
                13.99
              </span>
              %
            </td>
            <td
              align="right"
            >
              <span>
                1,001.07
              </span>
            </td>
            <td
              align="right"
            >
              <span>
                250.27
              </span>
            </td>
            <td
              align="right"
            >
              <span
                data-tooltip="Last Event: null"
              >
                <a
                  href="/trns/test/asset/iA5Cuge_ROWF42rpRqovFw/events"
                >
                  <span>
                     
                  </span>
                </a>
              </span>
            </td>
            <td
              align="right"
            >
              <span>
                 
              </span>
            </td>
            <td
              align="right"
            >
              <span>
                214.21
              </span>
            </td>
          </tr>
          <tr
            class="holding-row"
          >
            <td
              class="asset"
            >
              SPHD: Invesco S&P 500 High Dividend Low Volatility ETF
            </td>
            <td
              align="right"
              class="price"
            >
              <span
                data-tooltip="2021-12-01"
              >
                $
                <span>
                  41.55
                </span>
              </span>
            </td>
            <td
              align="right"
            >
              <span
                class="negative-gain"
                data-tooltip="Previous $ 41.78"
              >
                -0.55
                %
              </span>
            </td>
            <td
              align="right"
            >
              <span>
                40
              </span>
            </td>
            <td
              align="right"
            >
              <a
                href="/trns/test/asset/_0GbNH2-R1GvF2eCg0C4PQ/trades"
              >
                <span>
                  1,662.00
                </span>
              </a>
            </td>
            <td
              align="right"
            >
              <span>
                -48.47
              </span>
            </td>
            <td
              align="right"
            >
              <span>
                19.13
              </span>
              %
            </td>
            <td
              align="right"
            >
              <span>
                1,710.47
              </span>
            </td>
            <td
              align="right"
            >
              <span>
                42.76
              </span>
            </td>
            <td
              align="right"
            >
              <span
                data-tooltip="Last Event: null"
              >
                <a
                  href="/trns/test/asset/_0GbNH2-R1GvF2eCg0C4PQ/events"
                >
                  <span>
                     
                  </span>
                </a>
              </span>
            </td>
            <td
              align="right"
            >
              <span>
                 
              </span>
            </td>
            <td
              align="right"
            >
              <span>
                -48.47
              </span>
            </td>
          </tr>
          <tr
            class="holding-row"
          >
            <td
              class="asset"
            >
              SPY: S&P 500 ETF TRUST ETF
            </td>
            <td
              align="right"
              class="price"
            >
              <span
                data-tooltip="2021-12-01"
              >
                $
                <span>
                  450.50
                </span>
              </span>
            </td>
            <td
              align="right"
            >
              <span
                class="negative-gain"
                data-tooltip="Previous $ 455.56"
              >
                -1.11
                %
              </span>
            </td>
            <td
              align="right"
            >
              <span>
                2
              </span>
            </td>
            <td
              align="right"
            >
              <a
                href="/trns/test/asset/jw0FkpdmRgmtKCrnkK1_Tw/trades"
              >
                <span>
                  901.00
                </span>
              </a>
            </td>
            <td
              align="right"
            >
              <span>
                41.40
              </span>
            </td>
            <td
              align="right"
            >
              <span>
                10.37
              </span>
              %
            </td>
            <td
              align="right"
            >
              <span>
                859.60
              </span>
            </td>
            <td
              align="right"
            >
              <span>
                429.80
              </span>
            </td>
            <td
              align="right"
            >
              <span
                data-tooltip="Last Event: null"
              >
                <a
                  href="/trns/test/asset/jw0FkpdmRgmtKCrnkK1_Tw/events"
                >
                  <span>
                     
                  </span>
                </a>
              </span>
            </td>
            <td
              align="right"
            >
              <span>
                 
              </span>
            </td>
            <td
              align="right"
            >
              <span>
                41.40
              </span>
            </td>
          </tr>
        </tbody>
        <tbody
          class="holding-totals-row"
        >
          <tr
            class="holding-footer"
          >
            <td
              align="right"
              colspan="4"
            >
              Sub-Total - 
              USD
            </td>
            <td
              align="right"
            >
              <span>
                6,875.24
              </span>
            </td>
            <td
              align="right"
            >
              <span>
                328.34
              </span>
            </td>
            <td />
            <td
              align="right"
            >
              <span>
                6,546.90
              </span>
            </td>
            <td />
            <td
              align="right"
            >
              <span>
                 
              </span>
            </td>
            <td
              align="right"
            >
              <span>
                 
              </span>
            </td>
            <td
              align="right"
            >
              <span>
                328.34
              </span>
            </td>
          </tr>
        </tbody>
        <tbody
          class="totals-row"
        >
          <tr>
            <td
              align="right"
              colspan="4"
            >
              <div>
                Totals in 
                PORTFOLIO
                 currency
              </div>
            </td>
            <td
              align="right"
            >
              <span>
                8,687.77
              </span>
            </td>
            <td
              align="right"
            >
              <span>
                328.34
              </span>
            </td>
            <td />
            <td
              align="right"
            >
              <span>
                8,359.43
              </span>
            </td>
            <td />
            <td
              align="right"
            >
              <span>
                 
              </span>
            </td>
            <td
              align="right"
            >
              <span>
                 
              </span>
            </td>
            <td
              align="right"
            >
              <span>
                328.34
              </span>
            </td>
          </tr>
        </tbody>
      </table>
    </div>
  </div>
</div>
`;

exports[`<ViewHoldings /> matches snapshot for zero getData 1`] = `
<div>
  <div
    data-testid="dropzone"
  >
    <label>
      This portfolio has no transactions. Please drop your CSV file to upload
    </label>
    <div
      tabindex="0"
    >
      <input
        autocomplete="off"
        multiple=""
        style="display: none;"
        tabindex="-1"
        type="file"
      />
      <span>
        <i
          class="far fa-arrow-alt-circle-up fa-3x"
        />
      </span>
    </div>
  </div>
</div>
`;
