// Jest Snapshot v1, https://goo.gl/fbAQLP

exports[`<Trades /> trades for asset should match snapshot 1`] = `
<div>
  <div>
    <nav
      class="container"
    >
      <div
        class="page-title"
      >
        <div
          class="column page-title subtitle is-6"
        >
          Alphabet Inc - Ordinary Shares - Class C
          :
          NASDAQ
        </div>
      </div>
    </nav>
    <div
      class="page-box is-primary has-background-light"
    >
      <div
        class="container"
      >
        <table
          class="table is-striped is-hoverable"
        >
          <thead>
            <tr>
              <th>
                Type
              </th>
              <th>
                Currency
              </th>
              <th>
                Trade Date
              </th>
              <th
                align="right"
              >
                Amount
              </th>
              <th
                align="right"
              >
                Cash
              </th>
              <th
                align="right"
              >
                Tax
              </th>
              <th
                align="right"
              >
                Charges
              </th>
              <th
                align="right"
              >
                Quantity
              </th>
              <th
                align="right"
              >
                Price
              </th>
              <th>
                Action
              </th>
            </tr>
          </thead>
          <tbody>
            <tr>
              <td>
                BUY
              </td>
              <td>
                USD
              </td>
              <td>
                2021-11-16
              </td>
              <td
                align="right"
              >
                <span>
                  788.91
                </span>
              </td>
              <td
                align="right"
              >
                <span>
                  -788.91
                </span>
              </td>
              <td
                align="right"
              >
                <span>
                  0.00
                </span>
              </td>
              <td
                align="right"
              >
                <span>
                  1.07
                </span>
              </td>
              <td
                align="right"
              >
                <span>
                  2
                </span>
              </td>
              <td
                align="right"
              >
                <span>
                  393.92
                </span>
              </td>
              <td>
                <a
                  class="fa fa-edit"
                  href="/trns/PnBHuMuJRrCc3KHMc28oUA/lR3Jy9FERp2oTMsSQlrB5A"
                />
              </td>
            </tr>
            <tr>
              <td>
                BUY
              </td>
              <td>
                USD
              </td>
              <td>
                2021-10-21
              </td>
              <td
                align="right"
              >
                <span>
                  1,123.48
                </span>
              </td>
              <td
                align="right"
              >
                <span>
                  -1,123.48
                </span>
              </td>
              <td
                align="right"
              >
                <span>
                  0.00
                </span>
              </td>
              <td
                align="right"
              >
                <span>
                  1.07
                </span>
              </td>
              <td
                align="right"
              >
                <span>
                  3
                </span>
              </td>
              <td
                align="right"
              >
                <span>
                  374.14
                </span>
              </td>
              <td>
                <a
                  class="fa fa-edit"
                  href="/trns/PnBHuMuJRrCc3KHMc28oUA/l4MBcsGARNyWNIgEUzqnEQ"
                />
              </td>
            </tr>
            <tr>
              <td>
                BUY
              </td>
              <td>
                USD
              </td>
              <td>
                2021-10-06
              </td>
              <td
                align="right"
              >
                <span>
                  1,063.37
                </span>
              </td>
              <td
                align="right"
              >
                <span>
                  -1,063.37
                </span>
              </td>
              <td
                align="right"
              >
                <span>
                  0.00
                </span>
              </td>
              <td
                align="right"
              >
                <span>
                  1.07
                </span>
              </td>
              <td
                align="right"
              >
                <span>
                  3
                </span>
              </td>
              <td
                align="right"
              >
                <span>
                  354.10
                </span>
              </td>
              <td>
                <a
                  class="fa fa-edit"
                  href="/trns/test/_lEAvY1vSDWiBGwqKoEv2g"
                />
              </td>
            </tr>
          </tbody>
        </table>
      </div>
    </div>
  </div>
</div>
`;
